Logging to /Users/emurasak/workspace/harness-official/tasks/upstream-images/build-and-push-20260901-085228.log
Fetching all branches for each repo...
  Fetching console-dashboards-plugin...
./build-and-push.sh: line 51: cd: /Users/emurasak/workspace/harness-official/projects/console-dashboards-plugin: No such file or directory
  Fetching distributed-tracing-plugin...
  Fetching logging-view-plugin...
From https://github.com/openshift/logging-view-plugin
 - [deleted]         (none)     -> origin/dependabot/npm_and_yarn/web/websocket-driver-0.7.5
   ca999a5..42ea055  main       -> origin/main
  Fetching monitoring-plugin...
From https://github.com/openshift/monitoring-plugin
   7ec1ff5f..5714db87  release-coo-ocp-4.22 -> origin/release-coo-ocp-4.22
   d05ec900..525bbd15  main                 -> origin/main
 + f3d1ab12...baa26c88 move-alerting-tests  -> origin/move-alerting-tests  (forced update)
 + 6a8c4155...402b2a1b move-fixtures        -> origin/move-fixtures  (forced update)
 + 954afcc5...139ce19e move-support         -> origin/move-support  (forced update)
 + ff16a246...8b16f12b move-views           -> origin/move-views  (forced update)
 + e446fd51...49f5513b refactor-variables   -> origin/refactor-variables  (forced update)
   f2a723e6..993c9a70  release-4.23         -> origin/release-4.23
   f2a723e6..993c9a70  release-5.0          -> origin/release-5.0
   d05ec900..525bbd15  release-5.1          -> origin/release-5.1
   d05ec900..525bbd15  release-5.2          -> origin/release-5.2
   6f8e654b..618e1a59  release-coo-1.5-ocp-4.22 -> origin/release-coo-1.5-ocp-4.22
 + 682ad732...6e7f913f run-changes          -> origin/run-changes  (forced update)
  Fetching troubleshooting-panel-plugin...
From https://github.com/openshift/troubleshooting-panel-console-plugin
   3dc231e..14c9465  release-coo-ocp-4.22 -> origin/release-coo-ocp-4.22
   0a40e86..7548b9a  main                 -> origin/main
   3dc231e..aadb9ea  release-coo-1.5-ocp-4.22 -> origin/release-coo-1.5-ocp-4.22
Fetch complete.
==========================================
Building console-dashboards-plugin @ release-coo-1.5-ocp-4.12 with VERSION=v0.4.3 ORG=openshift-observability-ui
==========================================
./build-and-push.sh: line 72: cd: /Users/emurasak/workspace/harness-official/projects/console-dashboards-plugin: No such file or directory
error: pathspec 'release-coo-1.5-ocp-4.12' did not match any file(s) known to git
ERROR: checkout failed for console-dashboards-plugin @ release-coo-1.5-ocp-4.12
==========================================
SKIPPING distributed-tracing-plugin @ release-coo-1.5-ocp-4.12 with VERSION=v0.3.3 (already built successfully)
==========================================
==========================================
Building logging-view-plugin @ release-coo-1.5-ocp-4.12 with VERSION=v6.0.5 ORG=openshift-observability-ui
==========================================
Switched to a new branch 'release-coo-1.5-ocp-4.12'
branch 'release-coo-1.5-ocp-4.12' set up to track 'origin/release-coo-1.5-ocp-4.12'.
From https://github.com/openshift/logging-view-plugin
 * branch            release-coo-1.5-ocp-4.12 -> FETCH_HEAD
Already up to date.
--- Attempt 1/3 ---
podman manifest rm quay.io/openshift-observability-ui/logging-view-plugin:v6.0.5 || true
Untagged: quay.io/openshift-observability-ui/logging-view-plugin:v6.0.5
Deleted: 946c3e5b5937f16bfc5aeb90fcad4a59370cf843cee9663df2f55c1e38cb7562
podman manifest create quay.io/openshift-observability-ui/logging-view-plugin:v6.0.5
e555e145509a875976b03ceb13a54862de1b349378399c027cacf64c263f0a4b
podman build --platform=linux/arm64,linux/amd64 --manifest quay.io/openshift-observability-ui/logging-view-plugin:v6.0.5 -f Dockerfile
[linux/amd64] [1/3] STEP 1/9: FROM registry.redhat.io/ubi9/nodejs-22:latest AS web-builder
Trying to pull registry.redhat.io/ubi9/nodejs-22:latest...
Getting image source signatures
Checking if image destination supports signatures
Copying blob sha256:56649e4df8eddef4709849b46063574b7ddb22fc98fb75409885c838a4c9d381
Copying blob sha256:d74f03e958176d9f637ef3f0c60d433f7a81709a1fe56c62d203eef3a536739e
Copying blob sha256:5c9af8529e118dd5a8d55d669c48114bfef7c8f5d743e5e560639dfabca3a5f9
Copying config sha256:0f7698e0407d0631a81bf20e78ec1d23de169a3b85762c7d4d6c629fe8f1d963
Writing manifest to image destination
Storing signatures
[linux/amd64] [1/3] STEP 2/9: WORKDIR /opt/app-root
--> 277427233545
[linux/amd64] [1/3] STEP 3/9: USER 0
--> 31fb34073a53
[linux/amd64] [1/3] STEP 4/9: ENV HUSKY=0
--> 6d508f707ead
[linux/amd64] [1/3] STEP 5/9: COPY web/package*.json web/
--> 29212d5971fa
[linux/amd64] [1/3] STEP 6/9: COPY Makefile Makefile
--> e160f1f08b91
[linux/amd64] [1/3] STEP 7/9: RUN make install-frontend-ci-clean
cd web && npm ci --omit=optional --ignore-scripts
npm warn deprecated whatwg-encoding@3.1.1: Use @exodus/bytes instead for a more spec-conformant and faster implementation
npm warn deprecated i18next-parser@9.3.0: Project is deprecated, use i18next-cli instead
npm warn deprecated glob@10.5.0: Old versions of glob are not supported, and contain widely publicized security vulnerabilities, which have been fixed in the current version. Please update. Support for old versions may be purchased (at exorbitant rates) by contacting i@izs.me
npm warn deprecated glob@10.5.0: Old versions of glob are not supported, and contain widely publicized security vulnerabilities, which have been fixed in the current version. Please update. Support for old versions may be purchased (at exorbitant rates) by contacting i@izs.me
npm warn deprecated glob@10.5.0: Old versions of glob are not supported, and contain widely publicized security vulnerabilities, which have been fixed in the current version. Please update. Support for old versions may be purchased (at exorbitant rates) by contacting i@izs.me
npm warn deprecated glob@10.5.0: Old versions of glob are not supported, and contain widely publicized security vulnerabilities, which have been fixed in the current version. Please update. Support for old versions may be purchased (at exorbitant rates) by contacting i@izs.me

added 1483 packages, and audited 1484 packages in 54s

285 packages are looking for funding
  run `npm fund` for details

15 vulnerabilities (1 low, 5 moderate, 8 high, 1 critical)

To address issues that do not require attention, run:
  npm audit fix

To address all issues (including breaking changes), run:
  npm audit fix --force

Run `npm audit` for details.
cd web && npm cache clean --force
npm warn using --force Recommended protections disabled.
--> bc8bcc51846e
[linux/amd64] [1/3] STEP 8/9: COPY web/ web/
--> 85cca460ae3b
[linux/amd64] [1/3] STEP 9/9: RUN make build-frontend
cd web && npm run build

> logging-view-plugin@6.0.0 build
> npm run clean && NODE_ENV=production npm run ts-node node_modules/.bin/webpack


> logging-view-plugin@6.0.0 clean
> rm -rf dist


> logging-view-plugin@6.0.0 ts-node
> ts-node -O '{"module":"commonjs"}' node_modules/.bin/webpack

make: *** [podman-cross-build] Interrupt: 2
